// Jest Snapshot v1, https://goo.gl/fbAQLP

exports[`Search it renders correctly 1`] = `
<DocumentFragment>
  <form
    class="searchForm"
  >
    <input
      class="searchInput"
      type="text"
    />
    <button
      class="searchButton"
      type="submit"
    >
      Search!
    </button>
  </form>
</DocumentFragment>
`;
